// Vitest Snapshot v1

exports[`Primary Button 1`] = `
<button
  className="font-roboto text-[11px] rounded-full w-auto h-21px px-4 bg-primary-light text-black outline-none outline-offset-0 hover:bg-primary-main active:outline-1 active:outline-offset--1 active:outline-primary-main active:bg-primary-light active:ring-0 active:ring-offset-0 focus:ring-2 focus:ring-warning-main focus:ring-offset-2 focus:ring-offset-parent"
  style={
    {
      "backgroundColor": undefined,
    }
  }
  type="button"
>
  BUTTON TEXT
</button>
`;

exports[`Secondary Button On Dark Background 1`] = `
<button
  className="font-roboto text-[11px] rounded-full w-auto h-21px px-4 bg-transparent text-primary-light outline outline-1 outline-offset--1 outline-primary-light hover:bg-primary-light hover:text-gray-800 hover:outline-none active:bg-transparent active:outline active:outline-1 active:-outline-offset-1 active:ring-offset-0 active:ring-0 active:outline-primary-main active:text-primary-light focus:ring-warning-light focus:ring-2 focus:ring-offset-2 active:bg-transparent "
  style={
    {
      "backgroundColor": undefined,
    }
  }
  type="button"
>
  BUTTON TEXT
</button>
`;

exports[`Secondary Button On Light Background 1`] = `
<button
  className="font-roboto text-[11px] rounded-full w-auto h-21px px-4 bg-transparent text-primary-dark outline outline-1 outline-offset--1 outline-primary-dark hover:bg-primary-dark hover:text-white hover:outline-none active:bg-transparent active:outline active:outline-1 active:-outline-offset-1 active:ring-offset-0 active:ring-0 active:outline-primary-dark active:text-primary-dark focus:ring-warning-main focus:ring-2 focus:ring-offset-2 active:bg-transparent "
  style={
    {
      "backgroundColor": undefined,
    }
  }
  type="button"
>
  BUTTON TEXT
</button>
`;

exports[`Tertiary Button On Dark Background 1`] = `
<button
  className="font-roboto text-[11px] rounded-full w-auto h-21px px-4 text-primary-light bg-transparent outline-none outline-offset-0 no-underline hover:underline active:text-primary-light active:outline-primary-light active:bg-transparent active:outline active:outline-1 active:outline-offset--1 active:ring-0 active:ring-offset-0 active:no-underline focus:ring-warning-light focus:outline-primary-light focus:text-primary-light focus:ring-2 focus:ring-offset-2 focus:bg-transparent focus:outline focus:outline-1 focus:outline-offset--1 focus:no-underline"
  style={
    {
      "backgroundColor": undefined,
    }
  }
  type="button"
>
  BUTTON TEXT
</button>
`;

exports[`Tertiary Button On Light Background 1`] = `
<button
  className="font-roboto text-[11px] rounded-full w-auto h-21px px-4 text-primary-dark bg-transparent outline-none outline-offset-0 no-underline hover:underline active:text-primary-dark active:outline-primary-dark active:bg-transparent active:outline active:outline-1 active:outline-offset--1 active:ring-0 active:ring-offset-0 active:no-underline focus:ring-warning-main focus:outline-primary-dark focus:text-primary-dark focus:ring-2 focus:ring-offset-2 focus:bg-transparent focus:outline focus:outline-1 focus:outline-offset--1 focus:no-underline"
  style={
    {
      "backgroundColor": undefined,
    }
  }
  type="button"
>
  BUTTON TEXT
</button>
`;
